// Jest Snapshot v1, https://goo.gl/fbAQLP

exports[`<RequestReset/> component test renders and matches snapshot 1`] = `null`;
